// Jest Snapshot v1, https://goo.gl/fbAQLP

exports[`Page of configuration Ensure correct renderized 1`] = `
<div>
  <header
    class="cabecalho"
  >
    <div
      aria-label="Logo do Sorteador"
      class="imagen-logo"
      role="img"
    />
    <img
      alt="Participante com um presente na mão"
      class="participantes"
      src="./imagens/participantes.png"
    />
  </header>
  <div
    class="card"
  >
    <section>
      <h2>
        Vamos começar!
      </h2>
      <form>
        <div
          class="grupo-input-btn"
        >
          <input
            placeholder="Insira os nomes dos participantes"
            type="text"
            value=""
          />
          <button
            disabled=""
          >
            Adicionar
          </button>
        </div>
        
      </form>
      <ul />
      <footer
        class="rodape-configuracoes"
      >
        <button
          class="botao"
          disabled=""
        >
          Iniciar brincadeira
        </button>
      </footer>
    </section>
  </div>
</div>
`;
